// Jest Snapshot v1, https://goo.gl/fbAQLP

exports[`Placeholder Empty 1`] = `
Array [
  Object {
    "apiVersion": "v1",
    "kind": "ServiceAccount",
    "metadata": Object {
      "labels": Object {
        "account": "app",
      },
      "name": "matrixworld-test-chart",
    },
  },
  Object {
    "apiVersion": "v1",
    "kind": "Service",
    "metadata": Object {
      "labels": Object {
        "app": "app",
        "service": "app",
      },
      "name": "app",
    },
    "spec": Object {
      "ports": Array [
        Object {
          "name": "http",
          "port": 8000,
        },
      ],
      "selector": Object {
        "app": "app",
      },
      "type": "ClusterIP",
    },
  },
  Object {
    "apiVersion": "apps/v1",
    "kind": "Deployment",
    "metadata": Object {
      "labels": Object {
        "version": "v1",
      },
      "name": "app-v1",
    },
    "spec": Object {
      "replicas": 1,
      "selector": Object {
        "matchLabels": Object {
          "version": "v1",
        },
      },
      "template": Object {
        "metadata": Object {
          "labels": Object {
            "app": "app",
            "version": "v1",
          },
        },
        "spec": Object {
          "containers": Array [
            Object {
              "image": "043446723194.dkr.ecr.us-west-2.amazonaws.com/matrix-cloud-account:latest",
              "name": "app",
              "ports": Array [
                Object {
                  "containerPort": 8000,
                },
              ],
              "volumeMounts": Array [],
            },
          ],
          "serviceAccountName": "matrixworld-test-chart",
          "volumes": Array [],
        },
      },
    },
  },
  Object {
    "apiVersion": "networking.istio.io/v1alpha3",
    "kind": "DestinationRule",
    "metadata": Object {
      "name": "app",
    },
    "spec": Object {
      "host": "app",
      "subsets": Array [
        Object {
          "labels": Object {
            "version": "v1",
          },
          "name": "v1",
        },
      ],
    },
  },
  Object {
    "apiVersion": "networking.istio.io/v1alpha3",
    "kind": "VirtualService",
    "metadata": Object {
      "name": "app",
    },
    "spec": Object {
      "hosts": Array [
        "app",
      ],
      "http": Array [
        Object {
          "route": Array [
            Object {
              "destination": Object {
                "host": "app",
                "subset": "v1",
              },
            },
          ],
        },
      ],
    },
  },
]
`;
